// Jest Snapshot v1, https://goo.gl/fbAQLP

exports[`ComponentTs renders correctly 1`] = `<div class="v-card v-sheet theme--light">Dummy component</div>`;

exports[`ComponentTs renders correctly with props 1`] = `<div class="v-card v-sheet theme--light">My dummy Component</div>`;
