// Jest Snapshot v1, https://goo.gl/fbAQLP

exports[`ComponentVueJs renders correctly 1`] = `"<div>Hello, </div>"`;
