// Jest Snapshot v1, https://goo.gl/fbAQLP

exports[`ComponentJs renders correctly 1`] = `"<div>Hello, undefined</div>"`;
