// Jest Snapshot v1, https://goo.gl/fbAQLP

exports[`ComponentTs renders correctly 1`] = `"<div>Hello, undefined</div>"`;
